Cargo.lock: OK
Cargo.toml: OK
crates/borsuk-cli/Cargo.toml: OK
crates/borsuk-cli/src/main.rs: OK
crates/borsuk-cli/tests/cli.rs: OK
crates/borsuk-fma/Cargo.toml: OK
crates/borsuk-fma/src/lib.rs: OK
crates/borsuk-node/Cargo.toml: OK
crates/borsuk-node/build.rs: OK
crates/borsuk-node/src/lib.rs: OK
crates/borsuk-pq4/Cargo.toml: OK
crates/borsuk-pq4/src/builder.rs: OK
crates/borsuk-pq4/src/core.rs: OK
crates/borsuk-pq4/src/format.rs: OK
crates/borsuk-pq4/src/index.rs: OK
crates/borsuk-pq4/src/lib.rs: OK
crates/borsuk-pq4/src/sharded_index.rs: OK
crates/borsuk-pq4/src/shards.rs: OK
crates/borsuk-pq4/src/snapshot.rs: OK
crates/borsuk-python/Cargo.toml: OK
crates/borsuk-python/build.rs: OK
crates/borsuk-python/src/lib.rs: OK
crates/borsuk-v25/Cargo.toml: OK
crates/borsuk-v25/src/lib.rs: OK
crates/borsuk-v25/src/local.rs: OK
crates/borsuk-v26/Cargo.toml: OK
crates/borsuk-v26/examples/v26_dual_pq_key_preflight.rs: OK
crates/borsuk-v26/examples/v26_page_layout.rs: OK
crates/borsuk-v26/examples/v26_pq16_serving.rs: OK
crates/borsuk-v26/examples/v26_pq16_serving_build.rs: OK
crates/borsuk-v26/examples/v26_pq4_fast_build.rs: OK
crates/borsuk-v26/examples/v26_pq4_fast_holdout.rs: OK
crates/borsuk-v26/examples/v26_pq4_fast_quality.rs: OK
crates/borsuk-v26/examples/v26_pq4_fast_serving.rs: OK
crates/borsuk-v26/examples/v26_simhash_preflight.rs: OK
crates/borsuk-v26/src/lib.rs: OK
crates/borsuk-v26/src/local.rs: OK
crates/borsuk-v26/src/tree.rs: OK
crates/borsuk-v41/Cargo.toml: OK
crates/borsuk-v41/src/lib.rs: OK
crates/borsuk-v71/Cargo.toml: OK
crates/borsuk-v71/src/bin/v74_ingest.rs: OK
crates/borsuk-v71/src/bin/v85_delta_reader.rs: OK
crates/borsuk-v71/src/delta.rs: OK
crates/borsuk-v71/src/lib.rs: OK
crates/borsuk-v71/src/main.rs: OK
crates/borsuk/Cargo.toml: OK
crates/borsuk/benches/local_search.rs: OK
crates/borsuk/examples/benchmark_report.rs: OK
crates/borsuk/examples/build_config_timing.rs: OK
crates/borsuk/examples/build_sq8_source.rs: OK
crates/borsuk/examples/compare_native_replay.rs: OK
crates/borsuk/examples/docs_ladder.rs: OK
crates/borsuk/examples/exact_sq8_runtime_probe.rs: OK
crates/borsuk/examples/generate_synthetic_dataset.rs: OK
crates/borsuk/examples/group_commit_bench.rs: OK
crates/borsuk/examples/hybrid_retrieval_bench.rs: OK
crates/borsuk/examples/leaf_capability_timing.rs: OK
crates/borsuk/examples/local_index.rs: OK
crates/borsuk/examples/logical_cell_routing_bench.rs: OK
crates/borsuk/examples/market_workload_bench.rs: OK
crates/borsuk/examples/memory_scale.rs: OK
crates/borsuk/examples/mutation_extent_format_bench.rs: OK
crates/borsuk/examples/native_ann_100k_qualify.rs: OK
crates/borsuk/examples/native_process_cpu.rs: OK
crates/borsuk/examples/object_store_floor.rs: OK
crates/borsuk/examples/pq4_build.rs: OK
crates/borsuk/examples/pq4_qualify.rs: OK
crates/borsuk/examples/pq4_search.rs: OK
crates/borsuk/examples/pq4_sharded_qualify.rs: OK
crates/borsuk/examples/pq4_stage.rs: OK
crates/borsuk/examples/production_bench.rs: OK
crates/borsuk/examples/resident_graph_frontier.rs: OK
crates/borsuk/examples/resident_graph_rc.rs: OK
crates/borsuk/examples/rest_app_bench.rs: OK
crates/borsuk/examples/s3_index.rs: OK
crates/borsuk/examples/two_bit_http.rs: OK
crates/borsuk/examples/v131_source_replay.rs: OK
crates/borsuk/examples/v132_live_s3_transport.rs: OK
crates/borsuk/examples/v133_local_sq8_transport.rs: OK
crates/borsuk/examples/v134_native_route.rs: OK
crates/borsuk/examples/v220_graph_http.rs: OK
crates/borsuk/examples/v224_graph_store_roundtrip.rs: OK
crates/borsuk/examples/v225_graph_switch_s3.rs: OK
crates/borsuk/examples/v228_graph_collection_s3.rs: OK
crates/borsuk/examples/v236_graph_collection_1m.rs: OK
crates/borsuk/examples/v238_shared_graph_base_1m.rs: OK
crates/borsuk/examples/v23_balanced_page_falsifier.rs: OK
crates/borsuk/examples/v23_global_adc_diagnostic.rs: OK
crates/borsuk/examples/v23_incidence_development_screen.rs: OK
crates/borsuk/examples/v23_leaf_page_incidence_falsifier.rs: OK
crates/borsuk/examples/v23_rabitq_construct.rs: OK
crates/borsuk/examples/v23_rabitq_falsifier.rs: OK
crates/borsuk/examples/v246_publish_graph_s3.rs: OK
crates/borsuk/examples/v24_prepare_witness_inputs.rs: OK
crates/borsuk/examples/v24_witness_page_router.rs: OK
crates/borsuk/examples/v27_s3_build.rs: OK
crates/borsuk/examples/v27_s3_qualify.rs: OK
crates/borsuk/examples/v30_s3_build.rs: OK
crates/borsuk/examples/v30_s3_qualify.rs: OK
crates/borsuk/examples/v32_cpu_preflight.rs: OK
crates/borsuk/examples/v32_selective_layout_simulator.rs: OK
crates/borsuk/examples/v33_group_shape_diagnostic.rs: OK
crates/borsuk/examples/v33_shape_pq_replay.rs: OK
crates/borsuk/examples/v36_geometry_oracle.rs: OK
crates/borsuk/examples/v36_prefix_freeze.rs: OK
crates/borsuk/examples/v37_relation_router.rs: OK
crates/borsuk/examples/v38_boundary_spill.rs: OK
crates/borsuk/examples/v40_spill_router.rs: OK
crates/borsuk/examples/v41_forest_probe.rs: OK
crates/borsuk/examples/v42_pq4_relaion_probe.rs: OK
crates/borsuk/examples/v43_shared_dictionary_probe.rs: OK
crates/borsuk/examples/v44_page_kernel_probe.rs: OK
crates/borsuk/examples/v45_lsh_probe.rs: OK
crates/borsuk/examples/v50_exact_original_control.rs: OK
crates/borsuk/examples/v51_tree_row_probe.rs: OK
crates/borsuk/src/arrow_vector_sidecar.rs: OK
crates/borsuk/src/bin/build_semantic_unit_router.rs: OK
crates/borsuk/src/bin/build_two_bit_generation.rs: OK
crates/borsuk/src/bin/build_two_bit_graph_variant.rs: OK
crates/borsuk/src/bin/build_two_bit_source.rs: OK
crates/borsuk/src/bin/check_cohere_native_baseline.rs: OK
crates/borsuk/src/bin/check_hierarchical_split_balance.rs: OK
crates/borsuk/src/bin/check_s3_vectors_baseline.rs: OK
crates/borsuk/src/bin/check_semantic_router_scorer.rs: OK
crates/borsuk/src/bin/hierarchical_semantic_cells.rs: OK
crates/borsuk/src/bin/prepare_cohere_native_cohort.rs: OK
crates/borsuk/src/bin/publish_two_bit_generation.rs: OK
crates/borsuk/src/bin/repackage_semantic_generation.rs: OK
crates/borsuk/src/bin/two_bit_plan_demo.rs: OK
crates/borsuk/src/bin/two_bit_union_nomination.rs: OK
crates/borsuk/src/bin/two_bit_walk_nomination.rs: OK
crates/borsuk/src/bin/v150_unit_centroid_graph.rs: OK
crates/borsuk/src/bin/v151_page_seeded_graph.rs: OK
crates/borsuk/src/bin/v152_cached_page_graph.rs: OK
crates/borsuk/src/bin/v154_relaion_page_graph.rs: OK
crates/borsuk/src/bin/v196_resident_fp16_preflight.rs: OK
crates/borsuk/src/bin/v199_live_s3_resident_fp16.rs: OK
crates/borsuk/src/bin/v200_uncapped_cover_preflight.rs: OK
crates/borsuk/src/bin/v201_relaxed_cover_preflight.rs: OK
crates/borsuk/src/bin/v202_two_cap_cover_preflight.rs: OK
crates/borsuk/src/bin/v205_dual_certificate_preflight.rs: OK
crates/borsuk/src/bin/v209_resident_nominee_1m.rs: OK
crates/borsuk/src/bin/v212_rust_resident_100k.rs: OK
crates/borsuk/src/bin/v213_resident_graph_100k.rs: OK
crates/borsuk/src/bin/v214_build_pq_graph_100k.rs: OK
crates/borsuk/src/bin/v214_serve_pq_graph_100k.rs: OK
crates/borsuk/src/bin/v215_serve_pq_cosine_graph_100k.rs: OK
crates/borsuk/src/bin/v216_heldout_pq_cosine_graph_100k.rs: OK
crates/borsuk/src/bin/v217_build_pq_graph_1m.rs: OK
crates/borsuk/src/bin/v217_serve_pq_graph_1m.rs: OK
crates/borsuk/src/bin/v218_build_reachable_graph_100k.rs: OK
crates/borsuk/src/bin/v218_serve_reachable_graph_100k.rs: OK
crates/borsuk/src/bin/v219_build_reachable_graph_1m.rs: OK
crates/borsuk/src/bin/v219_serve_reachable_graph_1m.rs: OK
crates/borsuk/src/bin/v229_serve_mutation_overlay_100k.rs: OK
crates/borsuk/src/bin/v239_graph_containment_100k.rs: OK
crates/borsuk/src/bin/v248_build_cohere_graph_100k.rs: OK
crates/borsuk/src/bin/v248_serve_cohere_graph_100k.rs: OK
crates/borsuk/src/bin/v282_build_routing.rs: OK
crates/borsuk/src/bin/v282_local_falsifier.rs: OK
crates/borsuk/src/bin/v287_exact_pq_page.rs: OK
crates/borsuk/src/bin/v291_rust_sq8_parity.rs: OK
crates/borsuk/src/bin/v292_centroid_route.rs: OK
crates/borsuk/src/bin/v294_rust_source_parity.rs: OK
crates/borsuk/src/bin/v295_rust_two_bit_route.rs: OK
crates/borsuk/src/bin/v296_two_bit_validation_plans.rs: OK
crates/borsuk/src/bm25.rs: OK
crates/borsuk/src/budget_object_fitter.rs: OK
crates/borsuk/src/budget_object_selector.rs: OK
crates/borsuk/src/budgeted_page_rank.rs: OK
crates/borsuk/src/build_timing.rs: OK
crates/borsuk/src/canonical_source.rs: OK
crates/borsuk/src/cell_wal.rs: OK
crates/borsuk/src/centroid_hnsw.rs: OK
crates/borsuk/src/co_selection_layout.rs: OK
crates/borsuk/src/collection_control.rs: OK
crates/borsuk/src/contiguous_page_hierarchy.rs: OK
crates/borsuk/src/corrected_four_bit.rs: OK
crates/borsuk/src/error.rs: OK
crates/borsuk/src/exact_sq8_mirror.rs: OK
crates/borsuk/src/exact_sq8_nominee.rs: OK
crates/borsuk/src/fine_sq8_groups.rs: OK
crates/borsuk/src/float8.rs: OK
crates/borsuk/src/format.rs: OK
crates/borsuk/src/global_cell_card.rs: OK
crates/borsuk/src/global_leaf.rs: OK
crates/borsuk/src/global_leaf_run.rs: OK
crates/borsuk/src/global_pq_sidecar.rs: OK
crates/borsuk/src/graph_generation_resources.rs: OK
crates/borsuk/src/graph_serving_generation.rs: OK
crates/borsuk/src/group_commit.rs: OK
crates/borsuk/src/hard_priced_interval.rs: OK
crates/borsuk/src/hierarchical_semantic_cells.rs: OK
crates/borsuk/src/index.rs: OK
crates/borsuk/src/lane_log.rs: OK
crates/borsuk/src/late_interaction.rs: OK
crates/borsuk/src/late_interaction_sidecar.rs: OK
crates/borsuk/src/lexical_build.rs: OK
crates/borsuk/src/lexical_root.rs: OK
crates/borsuk/src/lexical_simd.rs: OK
crates/borsuk/src/lib.rs: OK
crates/borsuk/src/logical_cell_catalog.rs: OK
crates/borsuk/src/maintenance.rs: OK
crates/borsuk/src/manifest.rs: OK
crates/borsuk/src/metadata.rs: OK
crates/borsuk/src/metric.rs: OK
crates/borsuk/src/mutation.rs: OK
crates/borsuk/src/mutation_extent.rs: OK
crates/borsuk/src/native_ann.rs: OK
crates/borsuk/src/native_ann_build.rs: OK
crates/borsuk/src/native_ann_format.rs: OK
crates/borsuk/src/native_ann_read.rs: OK
crates/borsuk/src/native_ann_router.rs: OK
crates/borsuk/src/native_development_memory.rs: OK
crates/borsuk/src/native_source_hydration.rs: OK
crates/borsuk/src/native_source_id_map.rs: OK
crates/borsuk/src/native_source_tier.rs: OK
crates/borsuk/src/object_native_generation.rs: OK
crates/borsuk/src/observability.rs: OK
crates/borsuk/src/parallel.rs: OK
crates/borsuk/src/physical_interval.rs: OK
crates/borsuk/src/physical_layout.rs: OK
crates/borsuk/src/physical_row_permutation.rs: OK
crates/borsuk/src/positioned_candidate.rs: OK
crates/borsuk/src/positioned_log.rs: OK
crates/borsuk/src/positioned_materializer.rs: OK
crates/borsuk/src/pq64_nominee.rs: OK
crates/borsuk/src/pq64_router_artifact.rs: OK
crates/borsuk/src/pq_residual_four_bit.rs: OK
crates/borsuk/src/quantizer_sidecar.rs: OK
crates/borsuk/src/record.rs: OK
crates/borsuk/src/relaid_generation_authority.rs: OK
crates/borsuk/src/relaxed_priced_interval.rs: OK
crates/borsuk/src/resident_fp16_tier.rs: OK
crates/borsuk/src/resident_graph_build.rs: OK
crates/borsuk/src/resident_graph_collection.rs: OK
crates/borsuk/src/resident_graph_generation.rs: OK
crates/borsuk/src/resident_graph_mutation_snapshot.rs: OK
crates/borsuk/src/resident_graph_overlay.rs: OK
crates/borsuk/src/resident_graph_store.rs: OK
crates/borsuk/src/resident_nominee_generation.rs: OK
crates/borsuk/src/resident_vector_graph.rs: OK
crates/borsuk/src/returned_sq8.rs: OK
crates/borsuk/src/rotated_product_quantizer.rs: OK
crates/borsuk/src/rotated_two_bit.rs: OK
crates/borsuk/src/row_bundle.rs: OK
crates/borsuk/src/scalar_decode.rs: OK
crates/borsuk/src/segment.rs: OK
crates/borsuk/src/segment_cache.rs: OK
crates/borsuk/src/semantic_cell_overlap.rs: OK
crates/borsuk/src/semantic_unit_router.rs: OK
crates/borsuk/src/serving_generation.rs: OK
crates/borsuk/src/simd_control.rs: OK
crates/borsuk/src/source_order.rs: OK
crates/borsuk/src/sparse.rs: OK
crates/borsuk/src/sparse_index.rs: OK
crates/borsuk/src/sq8_page_authority.rs: OK
crates/borsuk/src/sq8_s3_range.rs: OK
crates/borsuk/src/sq8_source.rs: OK
crates/borsuk/src/storage.rs: OK
crates/borsuk/src/storage_trace.rs: OK
crates/borsuk/src/text.rs: OK
crates/borsuk/src/turboquant.rs: OK
crates/borsuk/src/two_bit_build.rs: OK
crates/borsuk/src/two_bit_compaction.rs: OK
crates/borsuk/src/two_bit_gc.rs: OK
crates/borsuk/src/two_bit_generation.rs: OK
crates/borsuk/src/two_bit_index.rs: OK
crates/borsuk/src/two_bit_mutations.rs: OK
crates/borsuk/src/two_bit_source.rs: OK
crates/borsuk/src/two_bit_store.rs: OK
crates/borsuk/src/unconstrained_priced_interval.rs: OK
crates/borsuk/src/unit_centroid_graph.rs: OK
crates/borsuk/src/unit_centroid_pages.rs: OK
crates/borsuk/src/v21_feasibility.rs: OK
crates/borsuk/src/v22_feasibility.rs: OK
crates/borsuk/src/v23_balanced_pages.rs: OK
crates/borsuk/src/v23_balanced_pages_arrow.rs: OK
crates/borsuk/src/v23_balanced_pages_build.rs: OK
crates/borsuk/src/v23_balanced_pages_eval.rs: OK
crates/borsuk/src/v23_balanced_pages_train.rs: OK
crates/borsuk/src/v23_diagnostic.rs: OK
crates/borsuk/src/v23_incidence.rs: OK
crates/borsuk/src/v23_incidence_eval.rs: OK
crates/borsuk/src/v23_incidence_postings.rs: OK
crates/borsuk/src/v23_incidence_tree.rs: OK
crates/borsuk/src/v23_rabitq.rs: OK
crates/borsuk/src/v23_rabitq_arrow.rs: OK
crates/borsuk/src/v23_rabitq_build.rs: OK
crates/borsuk/src/v23_rabitq_eval.rs: OK
crates/borsuk/src/v23_rabitq_local.rs: OK
crates/borsuk/src/v23_rabitq_quantizer.rs: OK
crates/borsuk/src/v24_witness.rs: OK
crates/borsuk/src/v24_witness_eval.rs: OK
crates/borsuk/src/v24_witness_graph.rs: OK
crates/borsuk/src/v24_witness_local.rs: OK
crates/borsuk/src/v24_witness_postings.rs: OK
crates/borsuk/src/v24_witness_prepare.rs: OK
crates/borsuk/src/v24_witness_pseudoquery.rs: OK
crates/borsuk/src/v27_s3_build.rs: OK
crates/borsuk/src/v27_s3_page.rs: OK
crates/borsuk/src/v27_s3_router.rs: OK
crates/borsuk/src/v27_s3_search.rs: OK
crates/borsuk/src/v28_s3_layout.rs: OK
crates/borsuk/src/v28_s3_pq.rs: OK
crates/borsuk/src/v28_s3_search.rs: OK
crates/borsuk/src/v30_s3_layout.rs: OK
crates/borsuk/src/v30_s3_pq.rs: OK
crates/borsuk/src/v30_s3_search.rs: OK
crates/borsuk/src/v32_code_objects.rs: OK
crates/borsuk/src/v32_global_pages.rs: OK
crates/borsuk/src/v33_group_shape.rs: OK
crates/borsuk/src/v34_rank4.rs: OK
crates/borsuk/src/v34_route.rs: OK
crates/borsuk/src/v35_authority.rs: OK
crates/borsuk/src/v35_build.rs: OK
crates/borsuk/src/v35_delta.rs: OK
crates/borsuk/src/v35_patch.rs: OK
crates/borsuk/src/v35_projection.rs: OK
crates/borsuk/src/v35_remote.rs: OK
crates/borsuk/src/v35_route.rs: OK
crates/borsuk/src/v36_funnel.rs: OK
crates/borsuk/src/v36_funnel_code.rs: OK
crates/borsuk/src/v36_funnel_geometry.rs: OK
crates/borsuk/src/v36_posting_hnsw.rs: OK
crates/borsuk/src/v36_prefix_dataset.rs: OK
crates/borsuk/src/v37_relation_router.rs: OK
crates/borsuk/src/v38_boundary_spill.rs: OK
crates/borsuk/src/v40_spill_router.rs: OK
crates/borsuk/src/v41_forest_probe.rs: OK
crates/borsuk/src/v42_pq4_relaion_probe.rs: OK
crates/borsuk/src/v45_lsh_probe.rs: OK
crates/borsuk/src/v50_exact_original_control.rs: OK
crates/borsuk/src/v51_tree_row_probe.rs: OK
crates/borsuk/tests/bm25_search.rs: OK
crates/borsuk/tests/build_config.rs: OK
crates/borsuk/tests/cell_wal.rs: OK
crates/borsuk/tests/cold_quantizer.rs: OK
crates/borsuk/tests/common/mod.rs: OK
crates/borsuk/tests/concurrency_stress.rs: OK
crates/borsuk/tests/consistency.rs: OK
crates/borsuk/tests/cosine_pruning.rs: OK
crates/borsuk/tests/crash_recovery.rs: OK
crates/borsuk/tests/dataset_scaling.rs: OK
crates/borsuk/tests/exact_sq8_mirror_direct.rs: OK
crates/borsuk/tests/explain.rs: OK
crates/borsuk/tests/fault_injection.rs: OK
crates/borsuk/tests/feature_matrix.rs: OK
crates/borsuk/tests/filtering_bench.rs: OK
crates/borsuk/tests/fixtures/market-filter/dataset.json: OK
crates/borsuk/tests/fixtures/market-filter/source.spec: OK
crates/borsuk/tests/fixtures/market-namespace/dataset.json: OK
crates/borsuk/tests/fixtures/market-namespace/source.spec: OK
crates/borsuk/tests/fixtures/v23_incidence_training_manifest.json: OK
crates/borsuk/tests/fixtures/v23_page_ref.json: OK
crates/borsuk/tests/fixtures/v36_centered_projection_pyarrow.b64: OK
crates/borsuk/tests/fixtures/v36_coarse_fragment_pyarrow.b64: OK
crates/borsuk/tests/fixtures/v36_pyarrow_registered_input.parquet: OK
crates/borsuk/tests/format.rs: OK
crates/borsuk/tests/format_fuzz.rs: OK
crates/borsuk/tests/fp8_vectors.rs: OK
crates/borsuk/tests/geo_filter.rs: OK
crates/borsuk/tests/group_commit.rs: OK
crates/borsuk/tests/hybrid_search.rs: OK
crates/borsuk/tests/in_memory_preload.rs: OK
crates/borsuk/tests/large_scale.rs: OK
crates/borsuk/tests/late_interaction_index.rs: OK
crates/borsuk/tests/leaf_capability.rs: OK
crates/borsuk/tests/local_index.rs: OK
crates/borsuk/tests/metric_pruning_bench.rs: OK
crates/borsuk/tests/metrics.rs: OK
crates/borsuk/tests/mixture_workload_bench.rs: OK
crates/borsuk/tests/named_vectors.rs: OK
crates/borsuk/tests/package_metadata.rs: OK
crates/borsuk/tests/paged_delete_compaction.rs: OK
crates/borsuk/tests/performance_smoke.rs: OK
crates/borsuk/tests/physical_layout.rs: OK
crates/borsuk/tests/positioned_log.rs: OK
crates/borsuk/tests/pq4_public_api.rs: OK
crates/borsuk/tests/production_workload.rs: OK
crates/borsuk/tests/regex_filter.rs: OK
crates/borsuk/tests/rerank.rs: OK
crates/borsuk/tests/resident_graph_api.rs: OK
crates/borsuk/tests/rotated_two_bit.rs: OK
crates/borsuk/tests/s3_compatible.rs: OK
crates/borsuk/tests/s3_soak.rs: OK
crates/borsuk/tests/sparse_inverted_bench.rs: OK
crates/borsuk/tests/sparse_named_shard.rs: OK
crates/borsuk/tests/sparse_named_vectors.rs: OK
crates/borsuk/tests/storage_access_trace.rs: OK
crates/borsuk/tests/text_storage.rs: OK
crates/borsuk/tests/tracing_smoke.rs: OK
crates/borsuk/tests/turboquant_ab.rs: OK
crates/borsuk/tests/two_bit_application_ids.rs: OK
crates/borsuk/tests/two_bit_gc_delayed_delete.rs: OK
crates/borsuk/tests/two_bit_generation.rs: OK
crates/borsuk/tests/two_bit_source.rs: OK
crates/borsuk/tests/upsert.rs: OK
crates/borsuk/tests/v34_rank4.rs: OK
crates/borsuk/tests/v35_authority.rs: OK
crates/borsuk/tests/v35_build.rs: OK
crates/borsuk/tests/v35_delta.rs: OK
crates/borsuk/tests/v35_patch.rs: OK
crates/borsuk/tests/v35_projection.rs: OK
crates/borsuk/tests/v35_remote.rs: OK
crates/borsuk/tests/v35_route.rs: OK
crates/borsuk/tests/v36_funnel_authority.rs: OK
crates/borsuk/tests/v36_funnel_geometry.rs: OK
crates/borsuk/tests/v36_prefix_checkpoint.rs: OK
crates/borsuk/tests/v36_prefix_dataset.rs: OK
crates/borsuk/tests/v36_prefix_oracle.rs: OK
crates/borsuk/tests/v36_prefix_screen_authority.rs: OK
crates/borsuk/tests/vector_encoding.rs: OK
crates/borsuk/tests/wal.rs: OK
crates/borsuk/tests/workload_bench.rs: OK
docs/research/mutation-visibility-20260928/ranking-memory-harness.rs: OK
docs/research/performance-architecture-20260930/cohere1024/cold-two-bit-four-row/control-build-a0001/prospective/control-rotated_two_bit.rs: OK
docs/research/performance-architecture-20260930/cohere1024/cold-two-bit-four-row/control-build-a0001/prospective/control-two_bit_generation.rs: OK
docs/research/performance-architecture-20260930/cohere1024/cold-two-bit-four-row/qualification-a0001/prospective/control-rotated_two_bit.rs: OK
docs/research/performance-architecture-20260930/cohere1024/cold-two-bit-four-row/qualification-a0001/prospective/control-two_bit_generation.rs: OK
docs/research/performance-architecture-20260930/cohere1024/cold-two-bit-four-row/qualification-a0002/prospective/control-rotated_two_bit.rs: OK
docs/research/performance-architecture-20260930/cohere1024/cold-two-bit-four-row/qualification-a0002/prospective/control-two_bit_generation.rs: OK
docs/research/performance-architecture-20260930/cohere1024/cold-two-bit-four-row/qualification-a0003/prospective/control-rotated_two_bit.rs: OK
docs/research/performance-architecture-20260930/cohere1024/cold-two-bit-four-row/qualification-a0003/prospective/control-two_bit_generation.rs: OK
docs/research/performance-architecture-20260930/cohere1024/cold-two-bit-four-row/qualification-a0004/prospective/control-rotated_two_bit.rs: OK
docs/research/performance-architecture-20260930/cohere1024/cold-two-bit-four-row/qualification-a0004/prospective/control-two_bit_generation.rs: OK
docs/research/query-ranking-admission-20260928/ranking-memory-harness.rs: OK
scripts/check_rust_test_build.sh: OK
scripts/v114_score_rust/Cargo.lock: OK
scripts/v114_score_rust/Cargo.toml: OK
scripts/v114_score_rust/src/bin/v144_page_parity.rs: OK
scripts/v114_score_rust/src/bin/v145_page_parity.rs: OK
scripts/v114_score_rust/src/bin/v146_centroid_score.rs: OK
scripts/v114_score_rust/src/bin/v149_contiguous_hierarchy.rs: OK
scripts/v114_score_rust/src/main.rs: OK
