Running as unit: borsuk-overlap-a0002-absolute-replay.service; invocation ID: be45623dcc4541e19ce44e79d9b13aa6
INVALID: terminal-last exact retained inventory
Command exited with non-zero status 2
	Command being timed: "python3 scripts/launch_hierarchical_cells_100k_spot.py --cell-overlap-pair --replay /home/rb/worktrees/borsuk-overlap-science-a0002/docs/research/performance-architecture-20260930/semantic-1m/hierarchical-cells/boundary-overlap/paired100k/a0002"
	User time (seconds): 4.63
	System time (seconds): 1.82
	Percent of CPU this job got: 9%
	Elapsed (wall clock) time (h:mm:ss or m:ss): 1:08.46
	Average shared text size (kbytes): 0
	Average unshared data size (kbytes): 0
	Average stack size (kbytes): 0
	Average total size (kbytes): 0
	Maximum resident set size (kbytes): 89716
	Average resident set size (kbytes): 0
	Major (requiring I/O) page faults: 6
	Minor (reclaiming a frame) page faults: 33416
	Voluntary context switches: 1651
	Involuntary context switches: 1729
	Swaps: 0
	File system inputs: 9474848
	File system outputs: 0
	Socket messages sent: 0
	Socket messages received: 0
	Signals delivered: 0
	Page size (bytes): 4096
	Exit status: 2
          Finished with result: exit-code
Main processes terminated with: code=exited, status=2/INVALIDARGUMENT
               Service runtime: 1min 8.479s
             CPU time consumed: 6.461s
                   Memory peak: 256M (swap: 0B)
