{"instance_id": "i-055b6795d0785dd56", "nodes": {"0": {"instance_id": "i-055b6795d0785dd56"}}, "prefix": "research/semantic-router/20261005/histogram-sq4-implementation-a0001", "source_commit": "6123465cdb654a84346db0583867d936e544c0ff", "source_archive_sha256": "02a2d3656ed1fd4b69e54277ec102c72b263d234c36290041074545ad822b520"}
{"instance_id": "i-055b6795d0785dd56", "state": "pending"}
{"instance_id": "i-055b6795d0785dd56", "state": "running"}
{"instance_id": "i-055b6795d0785dd56", "state": "running"}
{"instance_id": "i-055b6795d0785dd56", "state": "running"}
{"instance_id": "i-055b6795d0785dd56", "state": "running"}
{"instance_id": "i-055b6795d0785dd56", "state": "running"}
{"instance_id": "i-055b6795d0785dd56", "state": "running"}
{"instance_id": "i-055b6795d0785dd56", "state": "running"}
{"instance_id": "i-055b6795d0785dd56", "state": "running"}
{"instance_id": "i-055b6795d0785dd56", "state": "running"}
{"instance_id": "i-055b6795d0785dd56", "state": "running"}
Traceback (most recent call last):
  File "/home/rb/worktrees/borsuk-histogram-sq4-native-gates-frozen/scripts/launch_native_workspace_execution_spot.py", line 2796, in <module>
    main(args[0])
    ~~~~^^^^^^^^^
  File "/home/rb/worktrees/borsuk-histogram-sq4-native-gates-frozen/scripts/launch_native_workspace_execution_spot.py", line 1178, in main
    return shared.main(attempt, campaign=sys.modules[__name__])
           ~~~~~~~~~~~^^^^^^^^^^^^^^^^^^^^^^^^^^^^^^^^^^^^^^^^^
  File "/home/rb/worktrees/borsuk-histogram-sq4-native-gates-frozen/scripts/launch_native_metadata_ranges_cold_spot.py", line 373, in main
    assert terminal['status'] == terminal['phase'] == 'complete' and terminal['exit_code'] == 0
           ^^^^^^^^^^^^^^^^^^^^^^^^^^^^^^^^^^^^^^^^^^^^^^^^^^^^^^^^^^^^^^^^^^^^^^^^^^^^^^^^^^^^
AssertionError
