./cases.txt: OK
./cleanup.events: OK
./cleanup.stderr: OK
./cleanup.stdout: OK
./failure17/collector.exit: OK
./failure17/evidence/cgroup-path.txt: OK
./failure17/evidence/final-exit: OK
./failure17/evidence/launcher.exit: OK
./failure17/launcher.stderr: OK
./failure17/launcher.stdout: OK
./failure17/observed.exit: OK
./failure17/reset.stderr: OK
./failure17/reset.stdout: OK
./failure17/state-after-drain: OK
./injected-manager-timeout/collector.exit: OK
./injected-manager-timeout/evidence/cgroup-path.txt: OK
./injected-manager-timeout/evidence/drain.events: OK
./injected-manager-timeout/evidence/final-exit: OK
./injected-manager-timeout/evidence/launcher.exit: OK
./injected-manager-timeout/evidence/stop.exit: OK
./injected-manager-timeout/evidence/stop.stderr: OK
./injected-manager-timeout/evidence/stop.stdout: OK
./injected-manager-timeout/observed.exit: OK
./injected-manager-timeout/populated.before: OK
./injected-manager-timeout/start.stderr: OK
./injected-manager-timeout/start.stdout: OK
./injected-manager-timeout/state-after-drain: OK
./injected-other-manager-error/collector.exit: OK
./injected-other-manager-error/evidence/cgroup-path.txt: OK
./injected-other-manager-error/evidence/drain.events: OK
./injected-other-manager-error/evidence/final-exit: OK
./injected-other-manager-error/evidence/launcher.exit: OK
./injected-other-manager-error/evidence/stop.exit: OK
./injected-other-manager-error/evidence/stop.stderr: OK
./injected-other-manager-error/evidence/stop.stdout: OK
./injected-other-manager-error/observed.exit: OK
./injected-other-manager-error/populated.before: OK
./injected-other-manager-error/start.stderr: OK
./injected-other-manager-error/start.stdout: OK
./injected-other-manager-error/state-after-drain: OK
./injected-read-disappearance/collector.exit: OK
./injected-read-disappearance/evidence/cgroup-path.txt: OK
./injected-read-disappearance/evidence/drain.events: OK
./injected-read-disappearance/evidence/final-exit: OK
./injected-read-disappearance/evidence/launcher.exit: OK
./injected-read-disappearance/evidence/stop.exit: OK
./injected-read-disappearance/evidence/stop.stderr: OK
./injected-read-disappearance/evidence/stop.stdout: OK
./injected-read-disappearance/observed.exit: OK
./injected-read-disappearance/populated.before: OK
./injected-read-disappearance/start.stderr: OK
./injected-read-disappearance/start.stdout: OK
./injected-read-disappearance/state-after-drain: OK
./injected-stop-disappearance/collector.exit: OK
./injected-stop-disappearance/evidence/cgroup-path.txt: OK
./injected-stop-disappearance/evidence/drain.events: OK
./injected-stop-disappearance/evidence/final-exit: OK
./injected-stop-disappearance/evidence/launcher.exit: OK
./injected-stop-disappearance/evidence/stop-reconciled: OK
./injected-stop-disappearance/evidence/stop.exit: OK
./injected-stop-disappearance/evidence/stop.stderr: OK
./injected-stop-disappearance/evidence/stop.stdout: OK
./injected-stop-disappearance/observed.exit: OK
./injected-stop-disappearance/populated.before: OK
./injected-stop-disappearance/start.stderr: OK
./injected-stop-disappearance/start.stdout: OK
./injected-stop-disappearance/state-after-drain: OK
./live-descendant/collector.exit: OK
./live-descendant/evidence/cgroup-path.txt: OK
./live-descendant/evidence/drain.events: OK
./live-descendant/evidence/final-exit: OK
./live-descendant/evidence/launcher.exit: OK
./live-descendant/evidence/stop.exit: OK
./live-descendant/evidence/stop.stderr: OK
./live-descendant/evidence/stop.stdout: OK
./live-descendant/observed.exit: OK
./live-descendant/populated.before: OK
./live-descendant/procs.before: OK
./live-descendant/reset.stderr: OK
./live-descendant/reset.stdout: OK
./live-descendant/start.stderr: OK
./live-descendant/start.stdout: OK
./live-descendant/state-after-drain: OK
./malformed-path/collector.exit: OK
./malformed-path/evidence/cgroup-path.txt: OK
./malformed-path/evidence/final-exit: OK
./malformed-path/evidence/launcher.exit: OK
./malformed-path/observed.exit: OK
./malformed-path/state-after-drain: OK
./missing-final/collector.exit: OK
./missing-final/evidence/cgroup-path.txt: OK
./missing-final/evidence/launcher.exit: OK
./missing-final/observed.exit: OK
./missing-final/state-after-drain: OK
./missing-path/collector.exit: OK
./missing-path/evidence/final-exit: OK
./missing-path/evidence/launcher.exit: OK
./missing-path/observed.exit: OK
./missing-path/state-after-drain: OK
./nonzero-final/collector.exit: OK
./nonzero-final/evidence/cgroup-path.txt: OK
./nonzero-final/evidence/final-exit: OK
./nonzero-final/evidence/launcher.exit: OK
./nonzero-final/observed.exit: OK
./nonzero-final/state-after-drain: OK
./present-missing-final/collector.exit: OK
./present-missing-final/evidence/cgroup-path.txt: OK
./present-missing-final/evidence/launcher.exit: OK
./present-missing-final/evidence/stop.exit: OK
./present-missing-final/evidence/stop.stderr: OK
./present-missing-final/evidence/stop.stdout: OK
./present-missing-final/observed.exit: OK
./present-missing-final/start.stderr: OK
./present-missing-final/start.stdout: OK
./present-missing-final/state-after-drain: OK
./result.txt: OK
./scope.txt: OK
./smoke.exit: OK
./smoke.log: OK
./spies/cat: OK
./spies/systemctl: OK
./success-unloaded/collector.exit: OK
./success-unloaded/evidence/cgroup-path.txt: OK
./success-unloaded/evidence/drain.events: OK
./success-unloaded/evidence/final-exit: OK
./success-unloaded/evidence/launcher.exit: OK
./success-unloaded/launcher.stderr: OK
./success-unloaded/launcher.stdout: OK
./success-unloaded/observed.exit: OK
./success-unloaded/state-after-drain: OK
./systemd-version.txt: OK
