{
    "Reservations": [
        {
            "ReservationId": "r-06209e70033680d04",
            "OwnerId": "453182569524",
            "Groups": [],
            "Instances": [
                {
                    "Architecture": "x86_64",
                    "BlockDeviceMappings": [],
                    "ClientToken": "borsuk-next1m-canary-a0006-1791594191",
                    "EbsOptimized": false,
                    "EnaSupport": true,
                    "Hypervisor": "xen",
                    "InstanceLifecycle": "spot",
                    "NetworkInterfaces": [],
                    "RootDeviceName": "/dev/sda1",
                    "RootDeviceType": "ebs",
                    "SecurityGroups": [],
                    "SpotInstanceRequestId": "sir-8987nmck",
                    "StateReason": {
                        "Code": "Client.UserInitiatedShutdown",
                        "Message": "Client.UserInitiatedShutdown: User initiated shutdown"
                    },
                    "Tags": [
                        {
                            "Key": "Name",
                            "Value": "borsuk-next1m-chain-canary-a0006"
                        },
                        {
                            "Key": "Project",
                            "Value": "borsuk"
                        }
                    ],
                    "VirtualizationType": "hvm",
                    "CpuOptions": {
                        "CoreCount": 4,
                        "ThreadsPerCore": 2
                    },
                    "CapacityReservationSpecification": {
                        "CapacityReservationPreference": "open"
                    },
                    "HibernationOptions": {
                        "Configured": false
                    },
                    "MetadataOptions": {
                        "State": "pending",
                        "HttpTokens": "required",
                        "HttpPutResponseHopLimit": 2,
                        "HttpEndpoint": "enabled",
                        "HttpProtocolIpv6": "disabled",
                        "InstanceMetadataTags": "disabled"
                    },
                    "EnclaveOptions": {
                        "Enabled": false
                    },
                    "BootMode": "uefi-preferred",
                    "PlatformDetails": "Linux/UNIX",
                    "UsageOperation": "RunInstances",
                    "UsageOperationUpdateTime": "2026-10-10T01:03:44+00:00",
                    "MaintenanceOptions": {
                        "AutoRecovery": "default",
                        "RebootMigration": "default"
                    },
                    "CurrentInstanceBootMode": "uefi",
                    "NetworkPerformanceOptions": {
                        "BandwidthWeighting": "default"
                    },
                    "Operator": {
                        "Managed": false,
                        "HiddenByDefault": false
                    },
                    "InstanceId": "i-03da6cc4fdcadb76c",
                    "ImageId": "ami-0b8a830d6339a9758",
                    "State": {
                        "Code": 48,
                        "Name": "terminated"
                    },
                    "PrivateDnsName": "",
                    "PublicDnsName": "",
                    "StateTransitionReason": "User initiated (2026-10-10 01:03:47 GMT)",
                    "AmiLaunchIndex": 0,
                    "ProductCodes": [],
                    "InstanceType": "c7i.2xlarge",
                    "LaunchTime": "2026-10-10T01:03:44+00:00",
                    "Placement": {
                        "AvailabilityZoneId": "euc1-az1",
                        "GroupName": "",
                        "Tenancy": "default",
                        "AvailabilityZone": "eu-central-1c"
                    },
                    "Monitoring": {
                        "State": "disabled"
                    }
                }
            ]
        }
    ]
}
