    Updating crates.io index
     Locking 43 packages to latest Rust 1.91 compatible versions
      Adding aws-config v1.8.14 (available: v1.12.0, requires Rust 1.94.1)
      Adding aws-credential-types v1.2.13 (available: v1.3.0, requires Rust 1.94.1)
      Adding aws-runtime v1.7.1 (available: v1.10.0, requires Rust 1.94.1)
      Adding aws-sdk-s3vectors v1.21.0 (available: v1.42.0, requires Rust 1.94.1)
      Adding aws-sdk-sts v1.99.0 (available: v1.119.0, requires Rust 1.94.1)
      Adding aws-sigv4 v1.4.1 (available: v1.6.0, requires Rust 1.94.1)
      Adding aws-smithy-async v1.2.13 (available: v1.3.0, requires Rust 1.94.1)
      Adding aws-smithy-http v0.63.5 (available: v0.63.6, requires Rust 1.91.1)
      Adding aws-smithy-http-client v1.1.11 (available: v1.5.0, requires Rust 1.94.1)
      Adding aws-smithy-json v0.62.4 (available: v0.62.7, requires Rust 1.91.1)
      Adding aws-smithy-observability v0.2.5 (available: v0.2.6, requires Rust 1.91.1)
      Adding aws-smithy-query v0.60.14 (available: v0.60.15, requires Rust 1.91.1)
      Adding aws-smithy-runtime v1.10.2 (available: v1.16.0, requires Rust 1.94.1)
      Adding aws-smithy-runtime-api v1.11.5 (available: v1.19.0, requires Rust 1.94.1)
      Adding aws-smithy-types v1.4.5 (available: v1.8.1, requires Rust 1.94.1)
      Adding aws-smithy-xml v0.60.14 (available: v0.60.15, requires Rust 1.91.1)
      Adding aws-types v1.3.13 (available: v1.6.0, requires Rust 1.94.1)
      Adding base64-simd v0.8.0
      Adding bytes-utils v0.1.4
      Adding deranged v0.5.8
      Adding h2 v0.3.27
      Adding hex v0.4.3
      Adding hmac v0.12.1
      Adding http v0.2.12
      Adding http-body v0.4.6
      Adding hyper v0.14.32
      Adding hyper-rustls v0.24.2
      Adding num-conv v0.2.2
      Adding outref v0.5.2
      Adding pin-utils v0.1.1
      Adding powerfmt v0.2.1
      Adding regex-lite v0.1.9
      Adding rustls v0.21.12
      Adding rustls-webpki v0.101.7
      Adding sct v0.7.1
      Adding socket2 v0.5.10
      Adding time v0.3.55
      Adding time-core v0.1.9
      Adding time-macros v0.2.32
      Adding tokio-rustls v0.24.1
      Adding urlencoding v2.1.3
      Adding vsimd v0.8.0
      Adding xmlparser v0.13.6
note: pass `--verbose` to see 152 unchanged dependencies behind latest
