{
    "ReservationId": "r-0cd1abb503461e8d1",
    "OwnerId": "453182569524",
    "Groups": [],
    "Instances": [
        {
            "Architecture": "x86_64",
            "BlockDeviceMappings": [],
            "ClientToken": "borsuk-sq8-attribution-canary-a0001",
            "EbsOptimized": false,
            "EnaSupport": true,
            "Hypervisor": "xen",
            "IamInstanceProfile": {
                "Arn": "arn:aws:iam::453182569524:instance-profile/borsuk-bench-profile",
                "Id": "AIPAWTA6JHQ2J3ZONR2IU"
            },
            "InstanceLifecycle": "spot",
            "NetworkInterfaces": [
                {
                    "Attachment": {
                        "AttachTime": "2026-10-09T01:35:04+00:00",
                        "AttachmentId": "eni-attach-0c15e4426a8689888",
                        "DeleteOnTermination": true,
                        "DeviceIndex": 0,
                        "Status": "attaching",
                        "NetworkCardIndex": 0
                    },
                    "Description": "",
                    "Groups": [
                        {
                            "GroupId": "sg-0b1fd3e4fbde4af0d",
                            "GroupName": "borsuk-bench-sg"
                        }
                    ],
                    "Ipv6Addresses": [],
                    "MacAddress": "0a:ff:c9:47:6d:15",
                    "NetworkInterfaceId": "eni-0f29efeeaf53890ff",
                    "OwnerId": "453182569524",
                    "PrivateDnsName": "ip-172-31-1-107.eu-central-1.compute.internal",
                    "PrivateIpAddress": "172.31.1.107",
                    "PrivateIpAddresses": [
                        {
                            "Primary": true,
                            "PrivateDnsName": "ip-172-31-1-107.eu-central-1.compute.internal",
                            "PrivateIpAddress": "172.31.1.107"
                        }
                    ],
                    "SourceDestCheck": true,
                    "Status": "in-use",
                    "SubnetId": "subnet-0a12dbed0ca6fac25",
                    "VpcId": "vpc-02bed5aadbc3c0a2d",
                    "InterfaceType": "interface",
                    "Operator": {
                        "Managed": false
                    }
                }
            ],
            "RootDeviceName": "/dev/sda1",
            "RootDeviceType": "ebs",
            "SecurityGroups": [
                {
                    "GroupId": "sg-0b1fd3e4fbde4af0d",
                    "GroupName": "borsuk-bench-sg"
                }
            ],
            "SourceDestCheck": true,
            "SpotInstanceRequestId": "sir-85rzmf1j",
            "StateReason": {
                "Code": "pending",
                "Message": "pending"
            },
            "Tags": [
                {
                    "Key": "Purpose",
                    "Value": "native-observer-overhead-only"
                },
                {
                    "Key": "Name",
                    "Value": "borsuk-sq8-attribution-canary-a0001"
                }
            ],
            "VirtualizationType": "hvm",
            "CpuOptions": {
                "CoreCount": 4,
                "ThreadsPerCore": 2
            },
            "CapacityReservationSpecification": {
                "CapacityReservationPreference": "open"
            },
            "MetadataOptions": {
                "State": "pending",
                "HttpTokens": "required",
                "HttpPutResponseHopLimit": 2,
                "HttpEndpoint": "enabled",
                "HttpProtocolIpv6": "disabled",
                "InstanceMetadataTags": "disabled"
            },
            "EnclaveOptions": {
                "Enabled": false
            },
            "BootMode": "uefi-preferred",
            "PrivateDnsNameOptions": {
                "HostnameType": "ip-name",
                "EnableResourceNameDnsARecord": false,
                "EnableResourceNameDnsAAAARecord": false
            },
            "MaintenanceOptions": {
                "AutoRecovery": "default",
                "RebootMigration": "default"
            },
            "CurrentInstanceBootMode": "uefi",
            "Operator": {
                "Managed": false
            },
            "InstanceId": "i-07ef6693295028bfb",
            "ImageId": "ami-0b8a830d6339a9758",
            "State": {
                "Code": 0,
                "Name": "pending"
            },
            "PrivateDnsName": "ip-172-31-1-107.eu-central-1.compute.internal",
            "PublicDnsName": "",
            "StateTransitionReason": "",
            "AmiLaunchIndex": 0,
            "ProductCodes": [],
            "InstanceType": "c7i.2xlarge",
            "LaunchTime": "2026-10-09T01:35:04+00:00",
            "Placement": {
                "AvailabilityZoneId": "euc1-az1",
                "GroupName": "",
                "Tenancy": "default",
                "AvailabilityZone": "eu-central-1c"
            },
            "Monitoring": {
                "State": "disabled"
            },
            "SubnetId": "subnet-0a12dbed0ca6fac25",
            "VpcId": "vpc-02bed5aadbc3c0a2d",
            "PrivateIpAddress": "172.31.1.107"
        }
    ]
}
