PASS owned source syntax
	Command being timed: "timeout 55s python3 -c from pathlib import Path; p=Path("scripts/run_cohere_fixed48_offered_http.py"); compile(p.read_bytes(),str(p),"exec"); print("PASS owned source syntax")"
	User time (seconds): 0.03
	System time (seconds): 0.01
	Percent of CPU this job got: 44%
	Elapsed (wall clock) time (h:mm:ss or m:ss): 0:00.10
	Average shared text size (kbytes): 0
	Average unshared data size (kbytes): 0
	Average stack size (kbytes): 0
	Average total size (kbytes): 0
	Maximum resident set size (kbytes): 20144
	Average resident set size (kbytes): 0
	Major (requiring I/O) page faults: 0
	Minor (reclaiming a frame) page faults: 3978
	Voluntary context switches: 5
	Involuntary context switches: 8
	Swaps: 0
	File system inputs: 0
	File system outputs: 0
	Socket messages sent: 0
	Socket messages received: 0
	Signals delivered: 0
	Page size (bytes): 4096
	Exit status: 0
