{
    "Reservations": [
        {
            "ReservationId": "r-0dbe6b3310d78c2ef",
            "OwnerId": "453182569524",
            "Groups": [],
            "Instances": [
                {
                    "Architecture": "x86_64",
                    "BlockDeviceMappings": [
                        {
                            "DeviceName": "/dev/sda1",
                            "Ebs": {
                                "AttachTime": "2026-10-10T01:14:49+00:00",
                                "DeleteOnTermination": true,
                                "Status": "attached",
                                "VolumeId": "vol-0965b18143c5e7fd9",
                                "EbsCardIndex": 0
                            }
                        },
                        {
                            "DeviceName": "/dev/sdf",
                            "Ebs": {
                                "AttachTime": "2026-10-10T01:14:48.577000+00:00",
                                "DeleteOnTermination": true,
                                "Status": "attached",
                                "VolumeId": "vol-09eee30bae82b022a",
                                "EbsCardIndex": 0
                            }
                        }
                    ],
                    "ClientToken": "borsuk-next1m-canary-a0008-1791594874",
                    "EbsOptimized": false,
                    "EnaSupport": true,
                    "Hypervisor": "xen",
                    "IamInstanceProfile": {
                        "Arn": "arn:aws:iam::453182569524:instance-profile/borsuk-bench-profile",
                        "Id": "AIPAWTA6JHQ2J3ZONR2IU"
                    },
                    "InstanceLifecycle": "spot",
                    "NetworkInterfaces": [
                        {
                            "Association": {
                                "IpOwnerId": "amazon",
                                "PublicDnsName": "ec2-3-70-188-100.eu-central-1.compute.amazonaws.com",
                                "PublicIp": "3.70.188.100"
                            },
                            "Attachment": {
                                "AttachTime": "2026-10-10T01:14:48+00:00",
                                "AttachmentId": "eni-attach-0367ea5d104de4e03",
                                "DeleteOnTermination": true,
                                "DeviceIndex": 0,
                                "Status": "attached",
                                "NetworkCardIndex": 0
                            },
                            "Description": "",
                            "Groups": [
                                {
                                    "GroupId": "sg-0b1fd3e4fbde4af0d",
                                    "GroupName": "borsuk-bench-sg"
                                }
                            ],
                            "Ipv6Addresses": [],
                            "MacAddress": "0a:ff:fb:8c:df:5b",
                            "NetworkInterfaceId": "eni-0d2fd488d458177ac",
                            "OwnerId": "453182569524",
                            "PrivateDnsName": "ip-172-31-1-24.eu-central-1.compute.internal",
                            "PrivateIpAddress": "172.31.1.24",
                            "PrivateIpAddresses": [
                                {
                                    "Association": {
                                        "IpOwnerId": "amazon",
                                        "PublicDnsName": "ec2-3-70-188-100.eu-central-1.compute.amazonaws.com",
                                        "PublicIp": "3.70.188.100"
                                    },
                                    "Primary": true,
                                    "PrivateDnsName": "ip-172-31-1-24.eu-central-1.compute.internal",
                                    "PrivateIpAddress": "172.31.1.24"
                                }
                            ],
                            "SourceDestCheck": true,
                            "Status": "in-use",
                            "SubnetId": "subnet-0a12dbed0ca6fac25",
                            "VpcId": "vpc-02bed5aadbc3c0a2d",
                            "InterfaceType": "interface",
                            "Operator": {
                                "Managed": false
                            }
                        }
                    ],
                    "RootDeviceName": "/dev/sda1",
                    "RootDeviceType": "ebs",
                    "SecurityGroups": [
                        {
                            "GroupId": "sg-0b1fd3e4fbde4af0d",
                            "GroupName": "borsuk-bench-sg"
                        }
                    ],
                    "SourceDestCheck": true,
                    "SpotInstanceRequestId": "sir-sbmzmkcg",
                    "Tags": [
                        {
                            "Key": "Name",
                            "Value": "borsuk-next1m-chain-canary-a0008"
                        },
                        {
                            "Key": "Project",
                            "Value": "borsuk"
                        }
                    ],
                    "VirtualizationType": "hvm",
                    "CpuOptions": {
                        "CoreCount": 4,
                        "ThreadsPerCore": 2
                    },
                    "CapacityReservationSpecification": {
                        "CapacityReservationPreference": "open"
                    },
                    "HibernationOptions": {
                        "Configured": false
                    },
                    "MetadataOptions": {
                        "State": "applied",
                        "HttpTokens": "required",
                        "HttpPutResponseHopLimit": 2,
                        "HttpEndpoint": "enabled",
                        "HttpProtocolIpv6": "disabled",
                        "InstanceMetadataTags": "disabled"
                    },
                    "EnclaveOptions": {
                        "Enabled": false
                    },
                    "BootMode": "uefi-preferred",
                    "PlatformDetails": "Linux/UNIX",
                    "UsageOperation": "RunInstances",
                    "UsageOperationUpdateTime": "2026-10-10T01:14:48+00:00",
                    "PrivateDnsNameOptions": {
                        "HostnameType": "ip-name",
                        "EnableResourceNameDnsARecord": false,
                        "EnableResourceNameDnsAAAARecord": false
                    },
                    "MaintenanceOptions": {
                        "AutoRecovery": "default",
                        "RebootMigration": "default"
                    },
                    "CurrentInstanceBootMode": "uefi",
                    "NetworkPerformanceOptions": {
                        "BandwidthWeighting": "default"
                    },
                    "Operator": {
                        "Managed": false,
                        "HiddenByDefault": false
                    },
                    "InstanceId": "i-02eab9c9baa8a26b2",
                    "ImageId": "ami-0b8a830d6339a9758",
                    "State": {
                        "Code": 16,
                        "Name": "running"
                    },
                    "PrivateDnsName": "ip-172-31-1-24.eu-central-1.compute.internal",
                    "PublicDnsName": "ec2-3-70-188-100.eu-central-1.compute.amazonaws.com",
                    "StateTransitionReason": "",
                    "AmiLaunchIndex": 0,
                    "ProductCodes": [],
                    "InstanceType": "c7i.2xlarge",
                    "LaunchTime": "2026-10-10T01:14:48+00:00",
                    "Placement": {
                        "AvailabilityZoneId": "euc1-az1",
                        "GroupName": "",
                        "Tenancy": "default",
                        "AvailabilityZone": "eu-central-1c"
                    },
                    "Monitoring": {
                        "State": "disabled"
                    },
                    "SubnetId": "subnet-0a12dbed0ca6fac25",
                    "VpcId": "vpc-02bed5aadbc3c0a2d",
                    "PrivateIpAddress": "172.31.1.24",
                    "PublicIpAddress": "3.70.188.100"
                }
            ]
        }
    ]
}
