Running as unit: borsuk-sq8-builder-actual-receipt-root-check-20261006.service; invocation ID: 6aff6fa5689541e9aee06bb0521dae29
PASS actual completed2858B/full411 receipt; old source map refused
	Command being timed: "python3 /tmp/borsuk-sq8-builder-actual-receipt-check.py"
	User time (seconds): 0.25
	System time (seconds): 0.05
	Percent of CPU this job got: 15%
	Elapsed (wall clock) time (h:mm:ss or m:ss): 0:01.97
	Average shared text size (kbytes): 0
	Average unshared data size (kbytes): 0
	Average stack size (kbytes): 0
	Average total size (kbytes): 0
	Maximum resident set size (kbytes): 59168
	Average resident set size (kbytes): 0
	Major (requiring I/O) page faults: 0
	Minor (reclaiming a frame) page faults: 11797
	Voluntary context switches: 28
	Involuntary context switches: 33
	Swaps: 0
	File system inputs: 2880
	File system outputs: 0
	Socket messages sent: 0
	Socket messages received: 0
	Signals delivered: 0
	Page size (bytes): 4096
	Exit status: 0
          Finished with result: success
Main processes terminated with: code=exited, status=0/SUCCESS
               Service runtime: 1.992s
             CPU time consumed: 319ms
                   Memory peak: 43.7M (swap: 0B)
