Running as unit: borsuk-sq8-builder-root-repair-cohort-check-20261006.service
PASS cohere-cohort glue: five serial bin gates; exact names/counts/resources; pending/source/archive/tee/ACK/termination refusals; historical protocol bytes preserved; SYNTHETIC MOCKS ONLY, Rust UNRUN
	Command being timed: "python3 scripts/launch_native_workspace_execution_spot.py --cohere-cohort-implementation --self-check"
	User time (seconds): 5.49
	System time (seconds): 0.95
	Percent of CPU this job got: 98%
	Elapsed (wall clock) time (h:mm:ss or m:ss): 0:06.52
	Average shared text size (kbytes): 0
	Average unshared data size (kbytes): 0
	Average stack size (kbytes): 0
	Average total size (kbytes): 0
	Maximum resident set size (kbytes): 92328
	Average resident set size (kbytes): 0
	Major (requiring I/O) page faults: 4
	Minor (reclaiming a frame) page faults: 193208
	Voluntary context switches: 484
	Involuntary context switches: 626
	Swaps: 0
	File system inputs: 5632
	File system outputs: 0
	Socket messages sent: 0
	Socket messages received: 0
	Signals delivered: 0
	Page size (bytes): 4096
	Exit status: 0
          Finished with result: success
Main processes terminated with: code=exited, status=0/SUCCESS
               Service runtime: 6.545s
             CPU time consumed: 6.468s
                   Memory peak: 117.4M (swap: 0B)
