PASS archive staging traversal falsifier; real gzip/tar/scratch, whole/support/subset/missing/duplicate authentication and scratch/deadline/monitor guards; no native/corpus/GT
PASS tiny shuffled-source-ID/prototype/span/hash/query/control-parity/zero-read/full131/pending-role/config-drift/incomplete-pair/post-seal-tamper checks; no native/corpus/GT
PASS real Python pipeline with mocked native boundary: dataset2 failure drains; both exact roots before queries; GT/old-panel/diagnose spies; both retained layouts/full seal replay and tamper
PASS mocked native unit deadline/failure targets SAME unit, kill/stop/wait and verified drain; no process spawned
PASS final receipt independently rejects host memory/swap/OOM/scratch/deadline/monitor/cleanup/retention violations
PASS cheap admission accepts exact inputs without executing the paired probe; invalid receipts rejected
PASS actual closed original9lib/2bin and nomination11lib/6bin, release/Clippy/real-test-build; gate support separate from401; no cold bodies
PASS tiny committed archive closure/authentic bytes/gzip/literal paths/unsafe/missing/nonfile refusals/fullrepo default
{"instance_id": "i-original", "observation_error": "EndpointConnectionError"}
{"instance_id": "i-original", "observation_error": "ReadTimeoutError"}
{"instance_id": "i-original", "state": "running"}
{"cleanup_retry": "EndpointConnectionError", "nodes": {"0": {"instance_id": "i-original"}}}
{"instance_id": "i-original", "nodes": {"0": {"instance_id": "i-original"}}, "prefix": "research/native-union/20260930/metadata-ranges-cold-a0001", "source_commit": "0000000000000000000000000000000000000000", "source_archive_sha256": "5f6e2d8d0212297d8a44edba3525ffa9c575049c9ac22780e6b4b8762930a186"}
{"instance_id": "i-original", "nodes": {"0": {"instance_id": "i-original"}}, "prefix": "research/native-union/20260930/metadata-ranges-cold-a0001", "source_commit": "0000000000000000000000000000000000000000", "source_archive_sha256": "5f6e2d8d0212297d8a44edba3525ffa9c575049c9ac22780e6b4b8762930a186"}
{"instance_id": "i-original", "nodes": {"0": {"instance_id": "i-original"}}, "prefix": "research/native-union/20260930/metadata-ranges-cold-a0001", "source_commit": "0000000000000000000000000000000000000000", "source_archive_sha256": "5f6e2d8d0212297d8a44edba3525ffa9c575049c9ac22780e6b4b8762930a186"}
{"instance_id": "i-original", "nodes": {"0": {"instance_id": "i-original"}}, "prefix": "research/native-union/20260930/metadata-ranges-cold-a0001", "source_commit": "0000000000000000000000000000000000000000", "source_archive_sha256": "5f6e2d8d0212297d8a44edba3525ffa9c575049c9ac22780e6b4b8762930a186"}
{"complete": true, "instance_id": "i-original", "state": "terminated"}
{"instance_id": "i-original", "nodes": {"0": {"instance_id": "i-original"}, "1": {"instance_id": "i-extra"}}, "prefix": "research/native-union/20260930/metadata-ranges-cold-a0001", "source_commit": "0000000000000000000000000000000000000000", "source_archive_sha256": "5f6e2d8d0212297d8a44edba3525ffa9c575049c9ac22780e6b4b8762930a186"}
{"instance_id": "i-original", "nodes": {"0": {"instance_id": "i-original"}}, "prefix": "research/native-union/20260930/metadata-ranges-cold-a0001", "source_commit": "2222222222222222222222222222222222222222", "source_archive_sha256": "5f6e2d8d0212297d8a44edba3525ffa9c575049c9ac22780e6b4b8762930a186"}
{"complete": true, "instance_id": "i-original", "state": "terminated"}
{"instance_id": "i-original", "nodes": {"0": {"instance_id": "i-original"}}, "prefix": "research/native-union/20260930/metadata-ranges-cold-a0001", "source_commit": "0000000000000000000000000000000000000000", "source_archive_sha256": "5f6e2d8d0212297d8a44edba3525ffa9c575049c9ac22780e6b4b8762930a186"}
{"complete": true, "instance_id": "i-original", "state": "terminated"}
{"instance_id": "i-original", "nodes": {"0": {"instance_id": "i-original"}}, "prefix": "research/native-union/20260930/metadata-ranges-cold-a0001", "source_commit": "0000000000000000000000000000000000000000", "source_archive_sha256": "5f6e2d8d0212297d8a44edba3525ffa9c575049c9ac22780e6b4b8762930a186"}
{"instance_id": "i-original", "nodes": {"0": {"instance_id": "i-original"}, "1": {"instance_id": "i-extra"}}, "prefix": "research/native-union/20260930/metadata-ranges-cold-a0001", "source_commit": "0000000000000000000000000000000000000000", "source_archive_sha256": "5f6e2d8d0212297d8a44edba3525ffa9c575049c9ac22780e6b4b8762930a186"}
PASS bounded archive/chunk/producer/reader and shared ACK/fsync/multi-ACK/SIGTERM/cleanup-before-collection
PASS probe metadata/actual botocore model+CLI/cleanup; mocked SDK transport and NumPy/Arrow imports; shared owned lifecycle negatives; shell syntax/fsync/terminal-last/caps. No network/native/corpus/GT.
