Traceback (most recent call last):
  File "<frozen runpy>", line 198, in _run_module_as_main
  File "<frozen runpy>", line 88, in _run_code
  File "/home/rb/worktrees/borsuk-fixed48-owned-call-scratch/scripts/run_native_paged_cold_first_query_selfcheck.py", line 334, in <module>
    identity_check()
    ~~~~~~~~~~~~~~^^
  File "/home/rb/worktrees/borsuk-fixed48-owned-call-scratch/scripts/run_native_paged_cold_first_query_selfcheck.py", line 161, in identity_check
    binary, cfg, qualification, config, proof = fixture(Path(tmp))
                                                ~~~~~~~^^^^^^^^^^^
  File "/home/rb/worktrees/borsuk-fixed48-owned-call-scratch/scripts/run_native_paged_cold_first_query_selfcheck.py", line 141, in fixture
    assert len(identities) == 395
           ^^^^^^^^^^^^^^^^^^^^^^
AssertionError
PASS cap/type/missing source fields; unchanged ordered IDs; exclusive source HEAD startup
PASS all 64 reducer: separate/combined totals, HEAD accounting, failed/missing offers rejected
Command exited with non-zero status 1
	Command being timed: "python3 -m scripts.run_native_paged_cold_first_query_selfcheck"
	User time (seconds): 0.21
	System time (seconds): 0.08
	Percent of CPU this job got: 96%
	Elapsed (wall clock) time (h:mm:ss or m:ss): 0:00.31
	Average shared text size (kbytes): 0
	Average unshared data size (kbytes): 0
	Average stack size (kbytes): 0
	Average total size (kbytes): 0
	Maximum resident set size (kbytes): 38732
	Average resident set size (kbytes): 0
	Major (requiring I/O) page faults: 0
	Minor (reclaiming a frame) page faults: 6682
	Voluntary context switches: 1
	Involuntary context switches: 77
	Swaps: 0
	File system inputs: 0
	File system outputs: 128
	Socket messages sent: 0
	Socket messages received: 0
	Signals delivered: 0
	Page size (bytes): 4096
	Exit status: 1
