PASS cap/type/missing source fields; unchanged ordered IDs; exclusive source HEAD startup
PASS all 64 reducer: separate/combined totals, HEAD accounting, failed/missing offers rejected
PASS scoped globals and sys.argv restoration on success/failure
PASS old cold-call cleanup once on success/query failure/startup failure; raw failures retained
	Command being timed: "python3 -c from scripts import run_native_paged_cold_first_query_selfcheck as t; t.gates_check(); t.reducer_check(); t.restoration_check(); t.cleanup_check()"
	User time (seconds): 0.15
	System time (seconds): 0.01
	Percent of CPU this job got: 98%
	Elapsed (wall clock) time (h:mm:ss or m:ss): 0:00.16
	Average shared text size (kbytes): 0
	Average unshared data size (kbytes): 0
	Average stack size (kbytes): 0
	Average total size (kbytes): 0
	Maximum resident set size (kbytes): 31796
	Average resident set size (kbytes): 0
	Major (requiring I/O) page faults: 0
	Minor (reclaiming a frame) page faults: 5138
	Voluntary context switches: 1
	Involuntary context switches: 25
	Swaps: 0
	File system inputs: 0
	File system outputs: 0
	Socket messages sent: 0
	Socket messages received: 0
	Signals delivered: 0
	Page size (bytes): 4096
	Exit status: 0
