{
    "Volumes": [
        {
            "AvailabilityZoneId": "euc1-az1",
            "Iops": 3000,
            "VolumeType": "gp3",
            "MultiAttachEnabled": false,
            "Throughput": 125,
            "Operator": {
                "Managed": false,
                "HiddenByDefault": false
            },
            "VolumeId": "vol-0d71c71c94330c70a",
            "Size": 40,
            "SnapshotId": "",
            "AvailabilityZone": "eu-central-1c",
            "State": "in-use",
            "CreateTime": "2026-10-10T19:45:29.264000+00:00",
            "Attachments": [
                {
                    "DeleteOnTermination": true,
                    "EbsCardIndex": 0,
                    "VolumeId": "vol-0d71c71c94330c70a",
                    "InstanceId": "i-02d5f87519ed17267",
                    "Device": "/dev/sdf",
                    "State": "attaching",
                    "AttachTime": "2026-10-10T19:45:29+00:00"
                }
            ],
            "Encrypted": true,
            "KmsKeyId": "arn:aws:kms:eu-central-1:453182569524:key/178b1b36-e23a-46f7-bbbc-ec94874c9924"
        }
    ]
}
