Traceback (most recent call last):
  File "<frozen runpy>", line 198, in _run_module_as_main
  File "<frozen runpy>", line 88, in _run_code
  File "/home/rb/worktrees/borsuk-fixed48-concurrent-call-seam/scripts/launch_native_semantic_1m_offered_spot.py", line 526, in <module>
    self_check()
    ~~~~~~~~~~^^
  File "/home/rb/worktrees/borsuk-fixed48-concurrent-call-seam/scripts/launch_native_semantic_1m_offered_spot.py", line 517, in self_check
    assert seen | set(native.CODE) == set(CODE), 'import/evidence code closure drift'
           ^^^^^^^^^^^^^^^^^^^^^^^^^^^^^^^^^^^^
AssertionError: import/evidence code closure drift
Command exited with non-zero status 1
	Command being timed: "timeout 55s python3 -m scripts.launch_native_semantic_1m_offered_spot --self-check"
	User time (seconds): 1.44
	System time (seconds): 0.10
	Percent of CPU this job got: 90%
	Elapsed (wall clock) time (h:mm:ss or m:ss): 0:01.70
	Average shared text size (kbytes): 0
	Average unshared data size (kbytes): 0
	Average stack size (kbytes): 0
	Average total size (kbytes): 0
	Maximum resident set size (kbytes): 83532
	Average resident set size (kbytes): 0
	Major (requiring I/O) page faults: 0
	Minor (reclaiming a frame) page faults: 27083
	Voluntary context switches: 117
	Involuntary context switches: 36
	Swaps: 0
	File system inputs: 0
	File system outputs: 0
	Socket messages sent: 0
	Socket messages received: 0
	Signals delivered: 0
	Page size (bytes): 4096
	Exit status: 1
