PASS compile owned two files
	Command being timed: "timeout 55s python3 -c from pathlib import Path; [compile(Path(n).read_bytes(), n, 'exec') for n in ('scripts/run_native_semantic_1m_cold.py', 'scripts/run_cohere_fixed48_cold_http.py')]; print('PASS compile owned two files')"
	User time (seconds): 0.05
	System time (seconds): 0.00
	Percent of CPU this job got: 57%
	Elapsed (wall clock) time (h:mm:ss or m:ss): 0:00.10
	Average shared text size (kbytes): 0
	Average unshared data size (kbytes): 0
	Average stack size (kbytes): 0
	Average total size (kbytes): 0
	Maximum resident set size (kbytes): 21820
	Average resident set size (kbytes): 0
	Major (requiring I/O) page faults: 0
	Minor (reclaiming a frame) page faults: 4376
	Voluntary context switches: 5
	Involuntary context switches: 3
	Swaps: 0
	File system inputs: 0
	File system outputs: 0
	Socket messages sent: 0
	Socket messages received: 0
	Signals delivered: 0
	Page size (bytes): 4096
	Exit status: 0
