PASS Bash RED/GREEN and all25 absent/directory/symlink/required-empty negatives; actual a0005 measurement/GT/summary/resources/cleanup PASS, campaign FAIL and context444miss preserved; body/identity/source/reducer/resource/cleanup/disposition/code-pin tamper negatives; native/cloud UNRUN
	Command being timed: "timeout 55s python3 -m scripts.launch_native_semantic_1m_cold_spot --measurement-self-check"
	User time (seconds): 3.73
	System time (seconds): 0.95
	Percent of CPU this job got: 95%
	Elapsed (wall clock) time (h:mm:ss or m:ss): 0:04.90
	Average shared text size (kbytes): 0
	Average unshared data size (kbytes): 0
	Average stack size (kbytes): 0
	Average total size (kbytes): 0
	Maximum resident set size (kbytes): 114604
	Average resident set size (kbytes): 0
	Major (requiring I/O) page faults: 0
	Minor (reclaiming a frame) page faults: 224263
	Voluntary context switches: 873
	Involuntary context switches: 262
	Swaps: 0
	File system inputs: 0
	File system outputs: 0
	Socket messages sent: 0
	Socket messages received: 0
	Signals delivered: 0
	Page size (bytes): 4096
	Exit status: 0
