Traceback (most recent call last):
  File "/home/rb/worktrees/borsuk-fixed48-concurrent-call-seam/scripts/run_cohere_fixed48_cold_http.py", line 1381, in <module>
    self_check()
    ~~~~~~~~~~^^
  File "/home/rb/worktrees/borsuk-fixed48-concurrent-call-seam/scripts/run_cohere_fixed48_cold_http.py", line 1307, in self_check
    concurrent_calls = concurrent_calls_check(state['arm'], rows[0]['response'])
  File "/home/rb/worktrees/borsuk-fixed48-concurrent-call-seam/scripts/run_cohere_fixed48_cold_http.py", line 1169, in concurrent_calls_check
    assert not errors, errors
           ^^^^^^^^^^
AssertionError: {18080: 'TypeError("measured_call() got an unexpected keyword argument \'port\'")', 18081: 'TypeError("measured_call() got an unexpected keyword argument \'port\'")'}
Command exited with non-zero status 1
	Command being timed: "timeout 55s python3 scripts/run_cohere_fixed48_cold_http.py --self-check"
	User time (seconds): 1.48
	System time (seconds): 0.22
	Percent of CPU this job got: 89%
	Elapsed (wall clock) time (h:mm:ss or m:ss): 0:01.90
	Average shared text size (kbytes): 0
	Average unshared data size (kbytes): 0
	Average stack size (kbytes): 0
	Average total size (kbytes): 0
	Maximum resident set size (kbytes): 90552
	Average resident set size (kbytes): 0
	Major (requiring I/O) page faults: 0
	Minor (reclaiming a frame) page faults: 24341
	Voluntary context switches: 256
	Involuntary context switches: 44
	Swaps: 0
	File system inputs: 0
	File system outputs: 4912
	Socket messages sent: 0
	Socket messages received: 0
	Signals delivered: 0
	Page size (bytes): 4096
	Exit status: 1
