{
    "ReservationId": "r-005dc138c5e92dd1d",
    "OwnerId": "453182569524",
    "Groups": [],
    "Instances": [
        {
            "Architecture": "x86_64",
            "BlockDeviceMappings": [],
            "ClientToken": "borsuk-closure-300eae0f62fa4b9c815de421fc015411",
            "EbsOptimized": false,
            "EnaSupport": true,
            "Hypervisor": "xen",
            "IamInstanceProfile": {
                "Arn": "arn:aws:iam::453182569524:instance-profile/borsuk-bench-profile",
                "Id": "AIPAWTA6JHQ2J3ZONR2IU"
            },
            "InstanceLifecycle": "spot",
            "NetworkInterfaces": [
                {
                    "Attachment": {
                        "AttachTime": "2026-10-10T08:44:35+00:00",
                        "AttachmentId": "eni-attach-0634973d3d1934fcf",
                        "DeleteOnTermination": true,
                        "DeviceIndex": 0,
                        "Status": "attaching",
                        "NetworkCardIndex": 0
                    },
                    "Description": "",
                    "Groups": [
                        {
                            "GroupId": "sg-0b1fd3e4fbde4af0d",
                            "GroupName": "borsuk-bench-sg"
                        }
                    ],
                    "Ipv6Addresses": [],
                    "MacAddress": "02:ff:ff:a1:2f:8d",
                    "NetworkInterfaceId": "eni-0c62b134b56e34283",
                    "OwnerId": "453182569524",
                    "PrivateDnsName": "ip-172-31-26-215.eu-central-1.compute.internal",
                    "PrivateIpAddress": "172.31.26.215",
                    "PrivateIpAddresses": [
                        {
                            "Primary": true,
                            "PrivateDnsName": "ip-172-31-26-215.eu-central-1.compute.internal",
                            "PrivateIpAddress": "172.31.26.215"
                        }
                    ],
                    "SourceDestCheck": true,
                    "Status": "in-use",
                    "SubnetId": "subnet-034528fbd6977848f",
                    "VpcId": "vpc-02bed5aadbc3c0a2d",
                    "InterfaceType": "interface",
                    "Operator": {
                        "Managed": false
                    }
                }
            ],
            "RootDeviceName": "/dev/sda1",
            "RootDeviceType": "ebs",
            "SecurityGroups": [
                {
                    "GroupId": "sg-0b1fd3e4fbde4af0d",
                    "GroupName": "borsuk-bench-sg"
                }
            ],
            "SourceDestCheck": true,
            "SpotInstanceRequestId": "sir-3czfnjjh",
            "StateReason": {
                "Code": "pending",
                "Message": "pending"
            },
            "Tags": [
                {
                    "Key": "Name",
                    "Value": "borsuk-closure-300eae0f62fa4b9c815de421fc015411"
                },
                {
                    "Key": "Owner",
                    "Value": "borsuk/prod-ready-v9"
                }
            ],
            "VirtualizationType": "hvm",
            "CpuOptions": {
                "CoreCount": 2,
                "ThreadsPerCore": 1
            },
            "CapacityReservationSpecification": {
                "CapacityReservationPreference": "open"
            },
            "MetadataOptions": {
                "State": "pending",
                "HttpTokens": "required",
                "HttpPutResponseHopLimit": 2,
                "HttpEndpoint": "enabled",
                "HttpProtocolIpv6": "disabled",
                "InstanceMetadataTags": "disabled"
            },
            "EnclaveOptions": {
                "Enabled": false
            },
            "BootMode": "uefi-preferred",
            "PrivateDnsNameOptions": {
                "HostnameType": "ip-name",
                "EnableResourceNameDnsARecord": false,
                "EnableResourceNameDnsAAAARecord": false
            },
            "MaintenanceOptions": {
                "AutoRecovery": "default",
                "RebootMigration": "default"
            },
            "CurrentInstanceBootMode": "uefi",
            "Operator": {
                "Managed": false
            },
            "InstanceId": "i-0967b3175322229db",
            "ImageId": "ami-0b8a830d6339a9758",
            "State": {
                "Code": 0,
                "Name": "pending"
            },
            "PrivateDnsName": "ip-172-31-26-215.eu-central-1.compute.internal",
            "PublicDnsName": "",
            "StateTransitionReason": "",
            "AmiLaunchIndex": 0,
            "ProductCodes": [],
            "InstanceType": "c7a.large",
            "LaunchTime": "2026-10-10T08:44:35+00:00",
            "Placement": {
                "AvailabilityZoneId": "euc1-az2",
                "GroupName": "",
                "Tenancy": "default",
                "AvailabilityZone": "eu-central-1a"
            },
            "Monitoring": {
                "State": "disabled"
            },
            "SubnetId": "subnet-034528fbd6977848f",
            "VpcId": "vpc-02bed5aadbc3c0a2d",
            "PrivateIpAddress": "172.31.26.215"
        }
    ]
}
