Running as unit: borsuk-overlap-roster-repair-check-r1.service; invocation ID: d5febe7700594ce38b214964a312f075
PASS tiny committed archive closure/authentic bytes/gzip/literal paths/unsafe/missing/nonfile refusals/fullrepo default
{"instance_id": "i-original", "observation_error": "EndpointConnectionError"}
{"instance_id": "i-original", "observation_error": "ReadTimeoutError"}
{"instance_id": "i-original", "state": "running"}
{"cleanup_retry": "EndpointConnectionError", "nodes": {"0": {"instance_id": "i-original"}}}
{"instance_id": "i-original", "nodes": {"0": {"instance_id": "i-original"}}, "prefix": "research/native-union/20260930/metadata-ranges-cold-a0001", "source_commit": "0000000000000000000000000000000000000000", "source_archive_sha256": "5f6e2d8d0212297d8a44edba3525ffa9c575049c9ac22780e6b4b8762930a186"}
{"instance_id": "i-original", "nodes": {"0": {"instance_id": "i-original"}}, "prefix": "research/native-union/20260930/metadata-ranges-cold-a0001", "source_commit": "0000000000000000000000000000000000000000", "source_archive_sha256": "5f6e2d8d0212297d8a44edba3525ffa9c575049c9ac22780e6b4b8762930a186"}
{"instance_id": "i-original", "nodes": {"0": {"instance_id": "i-original"}}, "prefix": "research/native-union/20260930/metadata-ranges-cold-a0001", "source_commit": "0000000000000000000000000000000000000000", "source_archive_sha256": "5f6e2d8d0212297d8a44edba3525ffa9c575049c9ac22780e6b4b8762930a186"}
{"instance_id": "i-original", "nodes": {"0": {"instance_id": "i-original"}}, "prefix": "research/native-union/20260930/metadata-ranges-cold-a0001", "source_commit": "0000000000000000000000000000000000000000", "source_archive_sha256": "5f6e2d8d0212297d8a44edba3525ffa9c575049c9ac22780e6b4b8762930a186"}
{"complete": true, "instance_id": "i-original", "state": "terminated"}
{"instance_id": "i-original", "nodes": {"0": {"instance_id": "i-original"}, "1": {"instance_id": "i-extra"}}, "prefix": "research/native-union/20260930/metadata-ranges-cold-a0001", "source_commit": "0000000000000000000000000000000000000000", "source_archive_sha256": "5f6e2d8d0212297d8a44edba3525ffa9c575049c9ac22780e6b4b8762930a186"}
{"instance_id": "i-original", "nodes": {"0": {"instance_id": "i-original"}}, "prefix": "research/native-union/20260930/metadata-ranges-cold-a0001", "source_commit": "2222222222222222222222222222222222222222", "source_archive_sha256": "5f6e2d8d0212297d8a44edba3525ffa9c575049c9ac22780e6b4b8762930a186"}
{"complete": true, "instance_id": "i-original", "state": "terminated"}
{"instance_id": "i-original", "nodes": {"0": {"instance_id": "i-original"}}, "prefix": "research/native-union/20260930/metadata-ranges-cold-a0001", "source_commit": "0000000000000000000000000000000000000000", "source_archive_sha256": "5f6e2d8d0212297d8a44edba3525ffa9c575049c9ac22780e6b4b8762930a186"}
{"complete": true, "instance_id": "i-original", "state": "terminated"}
{"instance_id": "i-original", "nodes": {"0": {"instance_id": "i-original"}}, "prefix": "research/native-union/20260930/metadata-ranges-cold-a0001", "source_commit": "0000000000000000000000000000000000000000", "source_archive_sha256": "5f6e2d8d0212297d8a44edba3525ffa9c575049c9ac22780e6b4b8762930a186"}
{"instance_id": "i-original", "nodes": {"0": {"instance_id": "i-original"}, "1": {"instance_id": "i-extra"}}, "prefix": "research/native-union/20260930/metadata-ranges-cold-a0001", "source_commit": "0000000000000000000000000000000000000000", "source_archive_sha256": "5f6e2d8d0212297d8a44edba3525ffa9c575049c9ac22780e6b4b8762930a186"}
PASS bounded archive/chunk/producer/reader and shared ACK/fsync/multi-ACK/SIGTERM/cleanup-before-collection
PASS synthetic launcher: gzip exact CR/whitespace/tamper/cap; import closure; 30 HEAD/one proof GET and actual CLI; actual stage/cleanup/collection/gzip-sidecars/canary replay; SAME-ID ACK/terminate/wait/failures; opaque direct staging then tiny Python helper handoff; pending/source/original/request parity refusals without body hydration; scratch/deadline/nooverwrite. No network, native algorithms, real data, or GT decoding.
	Command being timed: "python3 scripts/launch_hierarchical_cells_100k_spot.py --cell-overlap-pair --self-check"
	User time (seconds): 2.02
	System time (seconds): 0.42
	Percent of CPU this job got: 97%
	Elapsed (wall clock) time (h:mm:ss or m:ss): 0:02.51
	Average shared text size (kbytes): 0
	Average unshared data size (kbytes): 0
	Average stack size (kbytes): 0
	Average total size (kbytes): 0
	Maximum resident set size (kbytes): 73180
	Average resident set size (kbytes): 0
	Major (requiring I/O) page faults: 0
	Minor (reclaiming a frame) page faults: 89592
	Voluntary context switches: 168
	Involuntary context switches: 283
	Swaps: 0
	File system inputs: 0
	File system outputs: 712
	Socket messages sent: 0
	Socket messages received: 0
	Signals delivered: 0
	Page size (bytes): 4096
	Exit status: 0
          Finished with result: success
Main processes terminated with: code=exited, status=0/SUCCESS
               Service runtime: 2.528s
             CPU time consumed: 2.451s
                   Memory peak: 107.6M (swap: 0B)
