{"instance_id": "i-06185b8d501f3cdd2", "nodes": {"0": {"instance_id": "i-06185b8d501f3cdd2"}}, "prefix": "research/semantic-router/20261002/fixed48-artifact-reproduction-a0001", "source_commit": "98ec24a45f4509a13b9d294464b77b9fd972cdb7", "source_archive_sha256": "51513bbfac0019d31599f6a0cceaa407506aa614fbf9993dffa560821bf9b6b8"}
{"instance_id": "i-06185b8d501f3cdd2", "state": "pending"}
{"instance_id": "i-06185b8d501f3cdd2", "state": "running"}
{"instance_id": "i-06185b8d501f3cdd2", "state": "running"}
{"instance_id": "i-06185b8d501f3cdd2", "state": "running"}
{"instance_id": "i-06185b8d501f3cdd2", "state": "running"}
{"instance_id": "i-06185b8d501f3cdd2", "state": "running"}
{"instance_id": "i-06185b8d501f3cdd2", "state": "running"}
{"instance_id": "i-06185b8d501f3cdd2", "state": "running"}
{"instance_id": "i-06185b8d501f3cdd2", "state": "running"}
{"instance_id": "i-06185b8d501f3cdd2", "state": "running"}
{"instance_id": "i-06185b8d501f3cdd2", "state": "running"}
{"instance_id": "i-06185b8d501f3cdd2", "state": "running"}
Traceback (most recent call last):
  File "<frozen runpy>", line 198, in _run_module_as_main
  File "<frozen runpy>", line 88, in _run_code
  File "/home/rb/worktrees/borsuk-prod-ready-v9/scripts/launch_cohere_semantic_artifact_reproduction_spot.py", line 740, in <module>
    main(sys.argv[1])
    ~~~~^^^^^^^^^^^^^
  File "/home/rb/worktrees/borsuk-prod-ready-v9/scripts/launch_cohere_semantic_artifact_reproduction_spot.py", line 420, in main
    return shared.main(attempt, campaign=sys.modules[__name__])
           ~~~~~~~~~~~^^^^^^^^^^^^^^^^^^^^^^^^^^^^^^^^^^^^^^^^^
  File "/home/rb/worktrees/borsuk-prod-ready-v9/scripts/launch_native_metadata_ranges_cold_spot.py", line 290, in main
    terminal = campaign.collect(s3, prefix, out, node['instance_id'], commit, digest)
  File "/home/rb/worktrees/borsuk-prod-ready-v9/scripts/launch_cohere_semantic_artifact_reproduction_spot.py", line 365, in collect
    assert proof == preflight(), 'collection frozen authority drift'
                    ~~~~~~~~~^^
  File "/home/rb/worktrees/borsuk-prod-ready-v9/scripts/launch_cohere_semantic_artifact_reproduction_spot.py", line 104, in preflight
    assert not subprocess.check_output(['git', 'status', '--porcelain'], cwd=base, text=True).strip(), 'dirty source'
           ^^^^^^^^^^^^^^^^^^^^^^^^^^^^^^^^^^^^^^^^^^^^^^^^^^^^^^^^^^^^^^^^^^^^^^^^^^^^^^^^^^^^^^^^^^
AssertionError: dirty source
