Running as unit: borsuk-overlap-parent-adapter-check-a0001.service; invocation ID: a7e0a9d56dfe4623aaddbfd1284f34f0
PASS tiny committed archive closure/authentic bytes/gzip/literal paths/unsafe/missing/nonfile refusals/fullrepo default
{"instance_id": "i-original", "observation_error": "EndpointConnectionError"}
{"instance_id": "i-original", "observation_error": "ReadTimeoutError"}
{"instance_id": "i-original", "state": "running"}
{"cleanup_retry": "EndpointConnectionError", "nodes": {"0": {"instance_id": "i-original"}}}
{"instance_id": "i-original", "nodes": {"0": {"instance_id": "i-original"}}, "prefix": "research/native-union/20260930/metadata-ranges-cold-a0001", "source_commit": "0000000000000000000000000000000000000000", "source_archive_sha256": "5f6e2d8d0212297d8a44edba3525ffa9c575049c9ac22780e6b4b8762930a186"}
{"instance_id": "i-original", "nodes": {"0": {"instance_id": "i-original"}}, "prefix": "research/native-union/20260930/metadata-ranges-cold-a0001", "source_commit": "0000000000000000000000000000000000000000", "source_archive_sha256": "5f6e2d8d0212297d8a44edba3525ffa9c575049c9ac22780e6b4b8762930a186"}
{"instance_id": "i-original", "nodes": {"0": {"instance_id": "i-original"}}, "prefix": "research/native-union/20260930/metadata-ranges-cold-a0001", "source_commit": "0000000000000000000000000000000000000000", "source_archive_sha256": "5f6e2d8d0212297d8a44edba3525ffa9c575049c9ac22780e6b4b8762930a186"}
{"instance_id": "i-original", "nodes": {"0": {"instance_id": "i-original"}}, "prefix": "research/native-union/20260930/metadata-ranges-cold-a0001", "source_commit": "0000000000000000000000000000000000000000", "source_archive_sha256": "5f6e2d8d0212297d8a44edba3525ffa9c575049c9ac22780e6b4b8762930a186"}
{"complete": true, "instance_id": "i-original", "state": "terminated"}
{"instance_id": "i-original", "nodes": {"0": {"instance_id": "i-original"}, "1": {"instance_id": "i-extra"}}, "prefix": "research/native-union/20260930/metadata-ranges-cold-a0001", "source_commit": "0000000000000000000000000000000000000000", "source_archive_sha256": "5f6e2d8d0212297d8a44edba3525ffa9c575049c9ac22780e6b4b8762930a186"}
{"instance_id": "i-original", "nodes": {"0": {"instance_id": "i-original"}}, "prefix": "research/native-union/20260930/metadata-ranges-cold-a0001", "source_commit": "2222222222222222222222222222222222222222", "source_archive_sha256": "5f6e2d8d0212297d8a44edba3525ffa9c575049c9ac22780e6b4b8762930a186"}
{"complete": true, "instance_id": "i-original", "state": "terminated"}
{"instance_id": "i-original", "nodes": {"0": {"instance_id": "i-original"}}, "prefix": "research/native-union/20260930/metadata-ranges-cold-a0001", "source_commit": "0000000000000000000000000000000000000000", "source_archive_sha256": "5f6e2d8d0212297d8a44edba3525ffa9c575049c9ac22780e6b4b8762930a186"}
{"complete": true, "instance_id": "i-original", "state": "terminated"}
{"instance_id": "i-original", "nodes": {"0": {"instance_id": "i-original"}}, "prefix": "research/native-union/20260930/metadata-ranges-cold-a0001", "source_commit": "0000000000000000000000000000000000000000", "source_archive_sha256": "5f6e2d8d0212297d8a44edba3525ffa9c575049c9ac22780e6b4b8762930a186"}
{"instance_id": "i-original", "nodes": {"0": {"instance_id": "i-original"}, "1": {"instance_id": "i-extra"}}, "prefix": "research/native-union/20260930/metadata-ranges-cold-a0001", "source_commit": "0000000000000000000000000000000000000000", "source_archive_sha256": "5f6e2d8d0212297d8a44edba3525ffa9c575049c9ac22780e6b4b8762930a186"}
PASS bounded archive/chunk/producer/reader and shared ACK/fsync/multi-ACK/SIGTERM/cleanup-before-collection
PASS synthetic launcher: gzip exact CR/whitespace/tamper/cap; import closure; 30 HEAD/one proof GET and actual CLI; actual stage/cleanup/collection/gzip-sidecars/canary replay; SAME-ID ACK/terminate/wait/failures; opaque direct staging then tiny Python helper handoff; pending/source/original/request parity refusals without body hydration; scratch/deadline/nooverwrite. No network, native algorithms, real data, or GT decoding.
          Finished with result: success
Main processes terminated with: code=exited, status=0/SUCCESS
               Service runtime: 1.977s
             CPU time consumed: 1.909s
                   Memory peak: 95.1M (swap: 0B)
