{
    "Reservations": [
        {
            "ReservationId": "r-0b0e0ae87caa124df",
            "OwnerId": "453182569524",
            "Groups": [],
            "Instances": [
                {
                    "Architecture": "x86_64",
                    "BlockDeviceMappings": [
                        {
                            "DeviceName": "/dev/sda1",
                            "Ebs": {
                                "AttachTime": "2026-10-10T19:56:30+00:00",
                                "DeleteOnTermination": true,
                                "Status": "attaching",
                                "VolumeId": "vol-0bc763d8a934784ed",
                                "EbsCardIndex": 0
                            }
                        },
                        {
                            "DeviceName": "/dev/sdf",
                            "Ebs": {
                                "AttachTime": "2026-10-10T19:56:29.389000+00:00",
                                "DeleteOnTermination": true,
                                "Status": "attaching",
                                "VolumeId": "vol-0887e58d115285b6b",
                                "EbsCardIndex": 0
                            }
                        }
                    ],
                    "ClientToken": "borsuk-full1000-local-admission-a0004-1791662180",
                    "EbsOptimized": false,
                    "EnaSupport": true,
                    "Hypervisor": "xen",
                    "IamInstanceProfile": {
                        "Arn": "arn:aws:iam::453182569524:instance-profile/borsuk-bench-profile",
                        "Id": "AIPAWTA6JHQ2J3ZONR2IU"
                    },
                    "InstanceLifecycle": "spot",
                    "NetworkInterfaces": [
                        {
                            "Association": {
                                "IpOwnerId": "amazon",
                                "PublicDnsName": "ec2-63-182-173-75.eu-central-1.compute.amazonaws.com",
                                "PublicIp": "63.182.173.75"
                            },
                            "Attachment": {
                                "AttachTime": "2026-10-10T19:56:29+00:00",
                                "AttachmentId": "eni-attach-0a5d7b0bff749801f",
                                "DeleteOnTermination": true,
                                "DeviceIndex": 0,
                                "Status": "attaching",
                                "NetworkCardIndex": 0
                            },
                            "Description": "",
                            "Groups": [
                                {
                                    "GroupId": "sg-0b1fd3e4fbde4af0d",
                                    "GroupName": "borsuk-bench-sg"
                                }
                            ],
                            "Ipv6Addresses": [],
                            "MacAddress": "0a:ff:ca:c4:c8:6d",
                            "NetworkInterfaceId": "eni-0c187c1f9f00fe2d4",
                            "OwnerId": "453182569524",
                            "PrivateDnsName": "ip-172-31-14-149.eu-central-1.compute.internal",
                            "PrivateIpAddress": "172.31.14.149",
                            "PrivateIpAddresses": [
                                {
                                    "Association": {
                                        "IpOwnerId": "amazon",
                                        "PublicDnsName": "ec2-63-182-173-75.eu-central-1.compute.amazonaws.com",
                                        "PublicIp": "63.182.173.75"
                                    },
                                    "Primary": true,
                                    "PrivateDnsName": "ip-172-31-14-149.eu-central-1.compute.internal",
                                    "PrivateIpAddress": "172.31.14.149"
                                }
                            ],
                            "SourceDestCheck": true,
                            "Status": "in-use",
                            "SubnetId": "subnet-0a12dbed0ca6fac25",
                            "VpcId": "vpc-02bed5aadbc3c0a2d",
                            "InterfaceType": "interface",
                            "Operator": {
                                "Managed": false
                            }
                        }
                    ],
                    "RootDeviceName": "/dev/sda1",
                    "RootDeviceType": "ebs",
                    "SecurityGroups": [
                        {
                            "GroupId": "sg-0b1fd3e4fbde4af0d",
                            "GroupName": "borsuk-bench-sg"
                        }
                    ],
                    "SourceDestCheck": true,
                    "SpotInstanceRequestId": "sir-schzmvng",
                    "Tags": [
                        {
                            "Key": "Project",
                            "Value": "borsuk"
                        },
                        {
                            "Key": "Name",
                            "Value": "borsuk-full1000-local-admission-a0004"
                        }
                    ],
                    "VirtualizationType": "hvm",
                    "CpuOptions": {
                        "CoreCount": 4,
                        "ThreadsPerCore": 2
                    },
                    "CapacityReservationSpecification": {
                        "CapacityReservationPreference": "open"
                    },
                    "HibernationOptions": {
                        "Configured": false
                    },
                    "MetadataOptions": {
                        "State": "pending",
                        "HttpTokens": "required",
                        "HttpPutResponseHopLimit": 2,
                        "HttpEndpoint": "enabled",
                        "HttpProtocolIpv6": "disabled",
                        "InstanceMetadataTags": "disabled"
                    },
                    "EnclaveOptions": {
                        "Enabled": false
                    },
                    "BootMode": "uefi-preferred",
                    "PlatformDetails": "Linux/UNIX",
                    "UsageOperation": "RunInstances",
                    "UsageOperationUpdateTime": "2026-10-10T19:56:29+00:00",
                    "PrivateDnsNameOptions": {
                        "HostnameType": "ip-name",
                        "EnableResourceNameDnsARecord": false,
                        "EnableResourceNameDnsAAAARecord": false
                    },
                    "MaintenanceOptions": {
                        "AutoRecovery": "default",
                        "RebootMigration": "default"
                    },
                    "CurrentInstanceBootMode": "uefi",
                    "NetworkPerformanceOptions": {
                        "BandwidthWeighting": "default"
                    },
                    "Operator": {
                        "Managed": false,
                        "HiddenByDefault": false
                    },
                    "InstanceId": "i-08bf63debc2f3e21e",
                    "ImageId": "ami-0b8a830d6339a9758",
                    "State": {
                        "Code": 0,
                        "Name": "pending"
                    },
                    "PrivateDnsName": "ip-172-31-14-149.eu-central-1.compute.internal",
                    "PublicDnsName": "ec2-63-182-173-75.eu-central-1.compute.amazonaws.com",
                    "StateTransitionReason": "",
                    "AmiLaunchIndex": 0,
                    "ProductCodes": [],
                    "InstanceType": "c7i.2xlarge",
                    "LaunchTime": "2026-10-10T19:56:29+00:00",
                    "Placement": {
                        "AvailabilityZoneId": "euc1-az1",
                        "GroupName": "",
                        "Tenancy": "default",
                        "AvailabilityZone": "eu-central-1c"
                    },
                    "Monitoring": {
                        "State": "disabled"
                    },
                    "SubnetId": "subnet-0a12dbed0ca6fac25",
                    "VpcId": "vpc-02bed5aadbc3c0a2d",
                    "PrivateIpAddress": "172.31.14.149",
                    "PublicIpAddress": "63.182.173.75"
                }
            ]
        }
    ]
}
